Archive member included because of file (symbol)

c:/freescale/kds_v3/toolchain/bin/../lib/gcc/arm-none-eabi/4.8.4/../../../../arm-none-eabi/lib/armv7e-m/fpu\libg_s.a(lib_a-errno.o)
                              ./utilities/fsl_sbrk.o (__errno)
c:/freescale/kds_v3/toolchain/bin/../lib/gcc/arm-none-eabi/4.8.4/../../../../arm-none-eabi/lib/armv7e-m/fpu\libg_s.a(lib_a-exit.o)
                              c:/freescale/kds_v3/toolchain/bin/../lib/gcc/arm-none-eabi/4.8.4/../../../../arm-none-eabi/lib/armv7e-m/fpu/crt0.o (exit)
c:/freescale/kds_v3/toolchain/bin/../lib/gcc/arm-none-eabi/4.8.4/../../../../arm-none-eabi/lib/armv7e-m/fpu\libg_s.a(lib_a-impure.o)
                              c:/freescale/kds_v3/toolchain/bin/../lib/gcc/arm-none-eabi/4.8.4/../../../../arm-none-eabi/lib/armv7e-m/fpu\libg_s.a(lib_a-exit.o) (_global_impure_ptr)
c:/freescale/kds_v3/toolchain/bin/../lib/gcc/arm-none-eabi/4.8.4/../../../../arm-none-eabi/lib/armv7e-m/fpu\libg_s.a(lib_a-init.o)
                              c:/freescale/kds_v3/toolchain/bin/../lib/gcc/arm-none-eabi/4.8.4/../../../../arm-none-eabi/lib/armv7e-m/fpu/crt0.o (__libc_init_array)
c:/freescale/kds_v3/toolchain/bin/../lib/gcc/arm-none-eabi/4.8.4/../../../../arm-none-eabi/lib/armv7e-m/fpu\libg_s.a(lib_a-memcpy-stub.o)
                              ./freertos/Source/queue.o (memcpy)
c:/freescale/kds_v3/toolchain/bin/../lib/gcc/arm-none-eabi/4.8.4/../../../../arm-none-eabi/lib/armv7e-m/fpu\libg_s.a(lib_a-memset.o)
                              c:/freescale/kds_v3/toolchain/bin/../lib/gcc/arm-none-eabi/4.8.4/../../../../arm-none-eabi/lib/armv7e-m/fpu/crt0.o (memset)
c:/freescale/kds_v3/toolchain/bin/../lib/gcc/arm-none-eabi/4.8.4/../../../../arm-none-eabi/lib/armv7e-m/fpu\libg_s.a(lib_a-strlen.o)
                              ./utilities/fsl_debug_console.o (strlen)
c:/freescale/kds_v3/toolchain/bin/../lib/gcc/arm-none-eabi/4.8.4/../../../../arm-none-eabi/lib/armv7e-m/fpu\libg_s.a(lib_a-strncmp.o)
                              ./sources/freertos_uart.o (strncmp)
c:/freescale/kds_v3/toolchain/bin/../lib/gcc/arm-none-eabi/4.8.4/../../../../arm-none-eabi/lib/armv7e-m/fpu\libg_s.a(lib_a-strtok.o)
                              ./sources/freertos_uart.o (strtok)
c:/freescale/kds_v3/toolchain/bin/../lib/gcc/arm-none-eabi/4.8.4/../../../../arm-none-eabi/lib/armv7e-m/fpu\libg_s.a(lib_a-strtok_r.o)
                              c:/freescale/kds_v3/toolchain/bin/../lib/gcc/arm-none-eabi/4.8.4/../../../../arm-none-eabi/lib/armv7e-m/fpu\libg_s.a(lib_a-strtok.o) (__strtok_r)
c:/freescale/kds_v3/toolchain/bin/../lib/gcc/arm-none-eabi/4.8.4/../../../../arm-none-eabi/lib/armv7e-m/fpu\libg_s.a(lib_a-malloc.o)
                              c:/freescale/kds_v3/toolchain/bin/../lib/gcc/arm-none-eabi/4.8.4/../../../../arm-none-eabi/lib/armv7e-m/fpu\libg_s.a(lib_a-strtok.o) (malloc)
c:/freescale/kds_v3/toolchain/bin/../lib/gcc/arm-none-eabi/4.8.4/../../../../arm-none-eabi/lib/armv7e-m/fpu\libg_s.a(lib_a-nano-freer.o)
                              c:/freescale/kds_v3/toolchain/bin/../lib/gcc/arm-none-eabi/4.8.4/../../../../arm-none-eabi/lib/armv7e-m/fpu\libg_s.a(lib_a-malloc.o) (_free_r)
c:/freescale/kds_v3/toolchain/bin/../lib/gcc/arm-none-eabi/4.8.4/../../../../arm-none-eabi/lib/armv7e-m/fpu\libg_s.a(lib_a-nano-mallocr.o)
                              c:/freescale/kds_v3/toolchain/bin/../lib/gcc/arm-none-eabi/4.8.4/../../../../arm-none-eabi/lib/armv7e-m/fpu\libg_s.a(lib_a-malloc.o) (_malloc_r)
c:/freescale/kds_v3/toolchain/bin/../lib/gcc/arm-none-eabi/4.8.4/../../../../arm-none-eabi/lib/armv7e-m/fpu\libg_s.a(lib_a-sbrkr.o)
                              c:/freescale/kds_v3/toolchain/bin/../lib/gcc/arm-none-eabi/4.8.4/../../../../arm-none-eabi/lib/armv7e-m/fpu\libg_s.a(lib_a-nano-mallocr.o) (_sbrk_r)
c:/freescale/kds_v3/toolchain/bin/../lib/gcc/arm-none-eabi/4.8.4/../../../../arm-none-eabi/lib/armv7e-m/fpu\libg_s.a(lib_a-reent.o)
                              c:/freescale/kds_v3/toolchain/bin/../lib/gcc/arm-none-eabi/4.8.4/../../../../arm-none-eabi/lib/armv7e-m/fpu\libg_s.a(lib_a-sbrkr.o) (errno)
c:/freescale/kds_v3/toolchain/bin/../lib/gcc/arm-none-eabi/4.8.4/../../../../arm-none-eabi/lib/armv7e-m/fpu\libnosys.a(_exit.o)
                              c:/freescale/kds_v3/toolchain/bin/../lib/gcc/arm-none-eabi/4.8.4/../../../../arm-none-eabi/lib/armv7e-m/fpu\libg_s.a(lib_a-exit.o) (_exit)

Allocating common symbols
Common symbol       size              file

errno               0x4               c:/freescale/kds_v3/toolchain/bin/../lib/gcc/arm-none-eabi/4.8.4/../../../../arm-none-eabi/lib/armv7e-m/fpu\libg_s.a(lib_a-reent.o)

Discarded input sections

 .text          0x00000000        0x0 c:/freescale/kds_v3/toolchain/bin/../lib/gcc/arm-none-eabi/4.8.4/armv7e-m/fpu/crti.o
 .data          0x00000000        0x0 c:/freescale/kds_v3/toolchain/bin/../lib/gcc/arm-none-eabi/4.8.4/armv7e-m/fpu/crti.o
[...]
Memory Configuration

Name             Origin             Length             Attributes
m_interrupts     0x00000000         0x00000400         xr
m_flash_config   0x00000400         0x00000010         xr
m_text           0x00000410         0x0007fbf0         xr
m_data           0x1fff0000         0x00010000         rw
m_data_2         0x20000000         0x00010000         rw
*default*        0x00000000         0xffffffff

Linker script and memory map

LOAD c:/freescale/kds_v3/toolchain/bin/../lib/gcc/arm-none-eabi/4.8.4/armv7e-m/fpu/crti.o
LOAD c:/freescale/kds_v3/toolchain/bin/../lib/gcc/arm-none-eabi/4.8.4/armv7e-m/fpu/crtbegin.o
LOAD c:/freescale/kds_v3/toolchain/bin/../lib/gcc/arm-none-eabi/4.8.4/../../../../arm-none-eabi/lib/armv7e-m/fpu/crt0.o
START GROUP
LOAD ./utilities/fsl_debug_console.o
LOAD ./utilities/fsl_sbrk.o
LOAD ./sources/board.o
LOAD ./sources/clock_config.o
LOAD ./sources/freertos_uart.o
LOAD ./sources/pin_mux.o
LOAD ./freertos/Source/portable/MemMang/heap_4.o
LOAD ./freertos/Source/portable/GCC/ARM_CM4F/fsl_tickless_systick.o
LOAD ./freertos/Source/portable/GCC/ARM_CM4F/port.o
LOAD ./freertos/Source/croutine.o
LOAD ./freertos/Source/event_groups.o
LOAD ./freertos/Source/list.o
LOAD ./freertos/Source/queue.o
LOAD ./freertos/Source/tasks.o
LOAD ./freertos/Source/timers.o
LOAD ./drivers/fsl_clock.o
LOAD ./drivers/fsl_common.o
LOAD ./drivers/fsl_flash.o
LOAD ./drivers/fsl_gpio.o
LOAD ./drivers/fsl_lpuart.o
LOAD ./drivers/fsl_smc.o
LOAD ./drivers/fsl_uart.o
LOAD ./drivers/fsl_uart_freertos.o
LOAD ./devices/gcc/startup_MK22F51212.o
LOAD ./devices/system_MK22F51212.o
LOAD c:/freescale/kds_v3/toolchain/bin/../lib/gcc/arm-none-eabi/4.8.4/../../../../arm-none-eabi/lib/armv7e-m/fpu\libg_s.a
LOAD c:/freescale/kds_v3/toolchain/bin/../lib/gcc/arm-none-eabi/4.8.4/armv7e-m/fpu\libgcc.a
LOAD c:/freescale/kds_v3/toolchain/bin/../lib/gcc/arm-none-eabi/4.8.4/../../../../arm-none-eabi/lib/armv7e-m/fpu\libnosys.a
END GROUP
LOAD c:/freescale/kds_v3/toolchain/bin/../lib/gcc/arm-none-eabi/4.8.4/../../../../arm-none-eabi/lib/armv7e-m/fpu\libstdc++_s.a
LOAD c:/freescale/kds_v3/toolchain/bin/../lib/gcc/arm-none-eabi/4.8.4/../../../../arm-none-eabi/lib/armv7e-m/fpu\libm.a
START GROUP
LOAD c:/freescale/kds_v3/toolchain/bin/../lib/gcc/arm-none-eabi/4.8.4/armv7e-m/fpu\libgcc.a
LOAD c:/freescale/kds_v3/toolchain/bin/../lib/gcc/arm-none-eabi/4.8.4/../../../../arm-none-eabi/lib/armv7e-m/fpu\libg_s.a
LOAD c:/freescale/kds_v3/toolchain/bin/../lib/gcc/arm-none-eabi/4.8.4/../../../../arm-none-eabi/lib/armv7e-m/fpu\libc_s.a
END GROUP
START GROUP
LOAD c:/freescale/kds_v3/toolchain/bin/../lib/gcc/arm-none-eabi/4.8.4/armv7e-m/fpu\libgcc.a
LOAD c:/freescale/kds_v3/toolchain/bin/../lib/gcc/arm-none-eabi/4.8.4/../../../../arm-none-eabi/lib/armv7e-m/fpu\libc_s.a
END GROUP
LOAD c:/freescale/kds_v3/toolchain/bin/../lib/gcc/arm-none-eabi/4.8.4/armv7e-m/fpu/crtend.o
LOAD c:/freescale/kds_v3/toolchain/bin/../lib/gcc/arm-none-eabi/4.8.4/armv7e-m/fpu/crtn.o
                0x00000400                HEAP_SIZE = DEFINED (__heap_size__)?__heap_size__:0x400
                0x00000400                STACK_SIZE = DEFINED (__stack_size__)?__stack_size__:0x400
                0x00000000                M_VECTOR_RAM_SIZE = DEFINED (__ram_vector_table__)?0x400:0x0

.interrupts     0x00000000      0x400
                0x00000000                __VECTOR_TABLE = .
                0x00000000                . = ALIGN (0x4)
 *(.isr_vector)
 .isr_vector    0x00000000      0x400 ./devices/gcc/startup_MK22F51212.o
                0x00000000                __isr_vector
                0x00000400                . = ALIGN (0x4)

.flash_config   0x00000400       0x10
                0x00000400                . = ALIGN (0x4)
 *(.FlashConfig)
 .FlashConfig   0x00000400       0x10 ./devices/gcc/startup_MK22F51212.o
                0x00000410                . = ALIGN (0x4)

.text           0x00000410     0x6a84
                0x00000410                . = ALIGN (0x4)
 *(.text)
 .text          0x00000410       0x54 c:/freescale/kds_v3/toolchain/bin/../lib/gcc/arm-none-eabi/4.8.4/armv7e-m/fpu/crtbegin.o
 .text          0x00000464       0x74 c:/freescale/kds_v3/toolchain/bin/../lib/gcc/arm-none-eabi/4.8.4/../../../../arm-none-eabi/lib/armv7e-m/fpu/crt0.o
                0x00000464                _start
                0x00000464                _mainCRTStartup
 .text          0x000004d8      0x17c ./devices/gcc/startup_MK22F51212.o
                0x000004d8                Reset_Handler
                0x00000538                Reserved54_IRQHandler
                0x00000538                DebugMon_Handler
                0x00000538                FTF_IRQHandler
                0x00000538                DMA0_DriverIRQHandler
                0x00000538                DMA12_DriverIRQHandler
                0x00000538                SPI0_DriverIRQHandler
                0x00000538                SPI1_DriverIRQHandler
                0x00000538                Reserved86_IRQHandler
                0x00000538                Reserved85_IRQHandler
                0x00000538                DMA_Error_DriverIRQHandler
                0x00000538                LVD_LVW_IRQHandler
                0x00000538                PORTC_IRQHandler
                0x00000538                CMP0_IRQHandler
                0x00000538                DMA7_DriverIRQHandler
                0x00000538                Reserved99_IRQHandler
                0x00000538                PIT0_IRQHandler
                0x00000538                LLWU_IRQHandler
                0x00000538                I2S0_Tx_DriverIRQHandler
                0x00000538                Reserved84_IRQHandler
                0x00000538                DMA6_DriverIRQHandler
                0x00000538                Reserved92_IRQHandler
                0x00000538                I2C0_DriverIRQHandler
                0x00000538                SWI_IRQHandler
                0x00000538                ADC0_IRQHandler
                0x00000538                UsageFault_Handler
                0x00000538                Reserved93_IRQHandler
                0x00000538                DMA2_DriverIRQHandler
                0x00000538                DefaultISR
                0x00000538                UART1_ERR_DriverIRQHandler
                0x00000538                BusFault_Handler
                0x00000538                DMA11_DriverIRQHandler
                0x00000538                Reserved82_IRQHandler
                0x00000538                CMP1_IRQHandler
                0x00000538                Reserved71_IRQHandler
                0x00000538                PORTD_IRQHandler
                0x00000538                PORTB_IRQHandler
                0x00000538                DMA10_DriverIRQHandler
                0x00000538                UART2_ERR_DriverIRQHandler
                0x00000538                Reserved70_IRQHandler
                0x00000538                ADC1_IRQHandler
                0x00000538                DMA5_DriverIRQHandler
                0x00000538                DMA4_DriverIRQHandler
                0x00000538                PIT2_IRQHandler
                0x00000538                LPTMR0_IRQHandler
                0x00000538                Reserved53_IRQHandler
                0x00000538                FTM2_IRQHandler
                0x00000538                RTC_IRQHandler
                0x00000538                PDB0_IRQHandler
                0x00000538                Reserved96_IRQHandler
                0x00000538                FTM1_IRQHandler
                0x00000538                Reserved61_IRQHandler
                0x00000538                Reserved95_IRQHandler
                0x00000538                DMA3_DriverIRQHandler
                0x00000538                PIT3_IRQHandler
                0x00000538                RTC_Seconds_IRQHandler
                0x00000538                MCG_IRQHandler
                0x00000538                DMA9_DriverIRQHandler
                0x00000538                DMA8_DriverIRQHandler
                0x00000538                UART0_ERR_DriverIRQHandler
                0x00000538                DMA15_DriverIRQHandler
                0x00000538                PORTE_IRQHandler
                0x00000538                Read_Collision_IRQHandler
                0x00000538                Reserved98_IRQHandler
                0x00000538                DMA14_DriverIRQHandler
                0x00000538                FTM3_IRQHandler
                0x00000538                I2S0_Rx_DriverIRQHandler
                0x00000538                Reserved101_IRQHandler
                0x00000538                USB0_IRQHandler
                0x00000538                WDOG_EWM_IRQHandler
                0x00000538                MemManage_Handler
                0x00000538                Reserved90_IRQHandler
                0x00000538                Reserved83_IRQHandler
                0x00000538                MCM_IRQHandler
                0x00000538                DMA1_DriverIRQHandler
                0x00000538                DAC1_IRQHandler
                0x00000538                Reserved100_IRQHandler
                0x00000538                RNG_IRQHandler
                0x00000538                Reserved94_IRQHandler
                0x00000538                Reserved97_IRQHandler
                0x00000538                I2C1_DriverIRQHandler
                0x00000538                Reserved91_IRQHandler
                0x00000538                PORTA_IRQHandler
                0x00000538                FTM0_IRQHandler
                0x00000538                DAC0_IRQHandler
                0x00000538                DMA13_DriverIRQHandler
                0x00000538                Reserved81_IRQHandler
                0x00000538                PIT1_IRQHandler
                0x0000053c                NMI_Handler
                0x00000540                HardFault_Handler
                0x00000550                DMA0_IRQHandler
                0x00000554                DMA1_IRQHandler
                0x00000558                DMA2_IRQHandler
                0x0000055c                DMA3_IRQHandler
                0x00000560                DMA4_IRQHandler
                0x00000564                DMA5_IRQHandler
                0x00000568                DMA6_IRQHandler
                0x0000056c                DMA7_IRQHandler
                0x00000570                DMA8_IRQHandler
                0x00000574                DMA9_IRQHandler
                0x00000578                DMA10_IRQHandler
                0x0000057c                DMA11_IRQHandler
                0x00000580                DMA12_IRQHandler
                0x00000584                DMA13_IRQHandler
                0x00000588                DMA14_IRQHandler
                0x0000058c                DMA15_IRQHandler
                0x00000590                DMA_Error_IRQHandler
                0x00000594                I2C0_IRQHandler
                0x00000598                I2C1_IRQHandler
                0x0000059c                SPI0_IRQHandler
                0x000005a0                SPI1_IRQHandler
                0x000005a4                I2S0_Tx_IRQHandler
                0x000005a8                I2S0_Rx_IRQHandler
                0x000005ac                LPUART0_IRQHandler
                0x000005b0                UART0_RX_TX_IRQHandler
                0x000005b4                UART0_ERR_IRQHandler
                0x000005b8                UART1_RX_TX_IRQHandler
                0x000005bc                UART1_ERR_IRQHandler
                0x000005c0                UART2_RX_TX_IRQHandler
                0x000005c4                UART2_ERR_IRQHandler
 *(.text*)
 .text.UART_EnableTx
                0x00000654       0x40 ./utilities/fsl_debug_console.o
 .text.UART_EnableRx
                0x00000694       0x40 ./utilities/fsl_debug_console.o
 .text.LPUART_EnableTx
                0x000006d4       0x38 ./utilities/fsl_debug_console.o
 .text.LPUART_EnableRx
                0x0000070c       0x38 ./utilities/fsl_debug_console.o
 .text.DbgConsole_Init
                0x00000744       0xec ./utilities/fsl_debug_console.o
                0x00000744                DbgConsole_Init
 .text.DbgConsole_Printf
                0x00000830       0x40 ./utilities/fsl_debug_console.o
                0x00000830                DbgConsole_Printf
 .text.DbgConsole_Putchar
                0x00000870       0x38 ./utilities/fsl_debug_console.o
                0x00000870                DbgConsole_Putchar
 .text.DbgConsole_PrintfPaddingCharacter
                0x000008a8       0x40 ./utilities/fsl_debug_console.o
 .text.DbgConsole_ConvertRadixNumToString
                0x000008e8      0x118 ./utilities/fsl_debug_console.o
 .text.DbgConsole_PrintfFormattedData
                0x00000a00      0x36c ./utilities/fsl_debug_console.o
 .text._sbrk    0x00000d6c       0x5c ./utilities/fsl_sbrk.o
                0x00000d6c                _sbrk
 .text.BOARD_InitDebugConsole
                0x00000dc8       0x24 ./sources/board.o
                0x00000dc8                BOARD_InitDebugConsole
 .text.CLOCK_SetSimSafeDivs
                0x00000dec       0x20 ./sources/clock_config.o
 .text.CLOCK_SetXtal0Freq
                0x00000e0c       0x1c ./sources/clock_config.o
 .text.CLOCK_CONFIG_SetFllExtRefDiv
                0x00000e28       0x38 ./sources/clock_config.o
 .text.BOARD_BootClockRUN
                0x00000e60       0x60 ./sources/clock_config.o
                0x00000e60                BOARD_BootClockRUN
 .text.NVIC_SetPriority
                0x00000ec0       0x54 ./sources/freertos_uart.o
 .text.main     0x00000f14       0x48 ./sources/freertos_uart.o
                0x00000f14                main
 .text.uart_task
                0x00000f5c      0x1f8 ./sources/freertos_uart.o
 .text.pars_data
                0x00001154       0x74 ./sources/freertos_uart.o
                0x00001154                pars_data
 .text.CLOCK_EnableClock
                0x000011c8       0x34 ./sources/pin_mux.o
 .text.PORT_SetPinMux
                0x000011fc       0x38 ./sources/pin_mux.o
 .text.BOARD_InitPins
                0x00001234       0x88 ./sources/pin_mux.o
                0x00001234                BOARD_InitPins
 .text.pvPortMalloc
                0x000012bc      0x184 ./freertos/Source/portable/MemMang/heap_4.o
                0x000012bc                pvPortMalloc
 .text.vPortFree
                0x00001440       0xb0 ./freertos/Source/portable/MemMang/heap_4.o
                0x00001440                vPortFree
 .text.prvHeapInit
                0x000014f0       0xc4 ./freertos/Source/portable/MemMang/heap_4.o
 .text.prvInsertBlockIntoFreeList
                0x000015b4       0xb0 ./freertos/Source/portable/MemMang/heap_4.o
 .text.vPortSetupTimerInterrupt
                0x00001664       0x40 ./freertos/Source/portable/GCC/ARM_CM4F/fsl_tickless_systick.o
                0x00001664                vPortSetupTimerInterrupt
 .text.pxPortInitialiseStack
                0x000016a4       0x68 ./freertos/Source/portable/GCC/ARM_CM4F/port.o
                0x000016a4                pxPortInitialiseStack
 .text.prvTaskExitError
                0x0000170c       0x3c ./freertos/Source/portable/GCC/ARM_CM4F/port.o
 *fill*         0x00001748        0x8 
 .text.SVC_Handler
                0x00001750       0x30 ./freertos/Source/portable/GCC/ARM_CM4F/port.o
                0x00001750                SVC_Handler
 .text.prvPortStartFirstTask
                0x00001780       0x20 ./freertos/Source/portable/GCC/ARM_CM4F/port.o
 .text.xPortStartScheduler
                0x000017a0      0x118 ./freertos/Source/portable/GCC/ARM_CM4F/port.o
                0x000017a0                xPortStartScheduler
 .text.vPortEnterCritical
                0x000018b8       0x5c ./freertos/Source/portable/GCC/ARM_CM4F/port.o
                0x000018b8                vPortEnterCritical
 .text.vPortExitCritical
                0x00001914       0x4c ./freertos/Source/portable/GCC/ARM_CM4F/port.o
                0x00001914                vPortExitCritical
 .text.PendSV_Handler
                0x00001960       0x70 ./freertos/Source/portable/GCC/ARM_CM4F/port.o
                0x00001960                PendSV_Handler
 .text.SysTick_Handler
                0x000019d0       0x40 ./freertos/Source/portable/GCC/ARM_CM4F/port.o
                0x000019d0                SysTick_Handler
 .text.vPortEnableVFP
                0x00001a10       0x14 ./freertos/Source/portable/GCC/ARM_CM4F/port.o
 .text.vPortValidateInterruptPriority
                0x00001a24       0x78 ./freertos/Source/portable/GCC/ARM_CM4F/port.o
                0x00001a24                vPortValidateInterruptPriority
 .text.xEventGroupCreate
                0x00001a9c       0x30 ./freertos/Source/event_groups.o
                0x00001a9c                xEventGroupCreate
 .text.xEventGroupWaitBits
                0x00001acc      0x194 ./freertos/Source/event_groups.o
                0x00001acc                xEventGroupWaitBits
 .text.xEventGroupClearBits
                0x00001c60       0x6c ./freertos/Source/event_groups.o
                0x00001c60                xEventGroupClearBits
 .text.xEventGroupSetBits
                0x00001ccc      0x114 ./freertos/Source/event_groups.o
                0x00001ccc                xEventGroupSetBits
 .text.vEventGroupDelete
                0x00001de0       0x60 ./freertos/Source/event_groups.o
                0x00001de0                vEventGroupDelete
 .text.vEventGroupSetBitsCallback
                0x00001e40       0x18 ./freertos/Source/event_groups.o
                0x00001e40                vEventGroupSetBitsCallback
 .text.prvTestWaitCondition
                0x00001e58       0x44 ./freertos/Source/event_groups.o
 .text.xEventGroupSetBitsFromISR
                0x00001e9c       0x28 ./freertos/Source/event_groups.o
                0x00001e9c                xEventGroupSetBitsFromISR
 .text.vListInitialise
                0x00001ec4       0x40 ./freertos/Source/list.o
                0x00001ec4                vListInitialise
 .text.vListInitialiseItem
                0x00001f04       0x18 ./freertos/Source/list.o
                0x00001f04                vListInitialiseItem
 .text.vListInsertEnd
                0x00001f1c       0x48 ./freertos/Source/list.o
                0x00001f1c                vListInsertEnd
 .text.vListInsert
                0x00001f64       0x70 ./freertos/Source/list.o
                0x00001f64                vListInsert
 .text.uxListRemove
                0x00001fd4       0x54 ./freertos/Source/list.o
                0x00001fd4                uxListRemove
 .text.xQueueGenericReset
                0x00002028       0xd0 ./freertos/Source/queue.o
                0x00002028                xQueueGenericReset
 .text.xQueueGenericCreate
                0x000020f8       0x70 ./freertos/Source/queue.o
                0x000020f8                xQueueGenericCreate
 .text.prvInitialiseNewQueue
                0x00002168       0x44 ./freertos/Source/queue.o
 .text.prvInitialiseMutex
                0x000021ac       0x34 ./freertos/Source/queue.o
 .text.xQueueCreateMutex
                0x000021e0       0x30 ./freertos/Source/queue.o
                0x000021e0                xQueueCreateMutex
 .text.xQueueGenericSend
                0x00002210      0x1fc ./freertos/Source/queue.o
                0x00002210                xQueueGenericSend
 .text.xQueueGenericSendFromISR
                0x0000240c      0x128 ./freertos/Source/queue.o
                0x0000240c                xQueueGenericSendFromISR
 .text.xQueueGenericReceive
                0x00002534      0x22c ./freertos/Source/queue.o
                0x00002534                xQueueGenericReceive
 .text.vQueueDelete
                0x00002760       0x38 ./freertos/Source/queue.o
                0x00002760                vQueueDelete
 .text.prvCopyDataToQueue
                0x00002798       0xd8 ./freertos/Source/queue.o
 .text.prvCopyDataFromQueue
                0x00002870       0x4c ./freertos/Source/queue.o
 .text.prvUnlockQueue
                0x000028bc       0xa0 ./freertos/Source/queue.o
 .text.prvIsQueueEmpty
                0x0000295c       0x2c ./freertos/Source/queue.o
 .text.prvIsQueueFull
                0x00002988       0x30 ./freertos/Source/queue.o
 .text.vQueueAddToRegistry
                0x000029b8       0x50 ./freertos/Source/queue.o
                0x000029b8                vQueueAddToRegistry
 .text.vQueueUnregisterQueue
                0x00002a08       0x50 ./freertos/Source/queue.o
                0x00002a08                vQueueUnregisterQueue
 .text.vQueueWaitForMessageRestricted
                0x00002a58       0x6c ./freertos/Source/queue.o
                0x00002a58                vQueueWaitForMessageRestricted
 .text.xTaskCreate
                0x00002ac4       0x84 ./freertos/Source/tasks.o
                0x00002ac4                xTaskCreate
 .text.prvInitialiseNewTask
                0x00002b48      0x130 ./freertos/Source/tasks.o
 .text.prvAddNewTaskToReadyList
                0x00002c78       0xdc ./freertos/Source/tasks.o
 .text.vTaskSuspend
                0x00002d54      0x10c ./freertos/Source/tasks.o
                0x00002d54                vTaskSuspend
 .text.vTaskStartScheduler
                0x00002e60       0x94 ./freertos/Source/tasks.o
                0x00002e60                vTaskStartScheduler
 .text.vTaskSuspendAll
                0x00002ef4       0x1c ./freertos/Source/tasks.o
                0x00002ef4                vTaskSuspendAll
 .text.xTaskResumeAll
                0x00002f10      0x138 ./freertos/Source/tasks.o
                0x00002f10                xTaskResumeAll
 .text.xTaskGetTickCount
                0x00003048       0x20 ./freertos/Source/tasks.o
                0x00003048                xTaskGetTickCount
 .text.xTaskIncrementTick
                0x00003068      0x15c ./freertos/Source/tasks.o
                0x00003068                xTaskIncrementTick
 .text.vTaskSwitchContext
                0x000031c4       0xb4 ./freertos/Source/tasks.o
                0x000031c4                vTaskSwitchContext
 .text.vTaskPlaceOnEventList
                0x00003278       0x44 ./freertos/Source/tasks.o
                0x00003278                vTaskPlaceOnEventList
 .text.vTaskPlaceOnUnorderedEventList
                0x000032bc       0x74 ./freertos/Source/tasks.o
                0x000032bc                vTaskPlaceOnUnorderedEventList
 .text.vTaskPlaceOnEventListRestricted
                0x00003330       0x54 ./freertos/Source/tasks.o
                0x00003330                vTaskPlaceOnEventListRestricted
 .text.xTaskRemoveFromEventList
                0x00003384       0xc4 ./freertos/Source/tasks.o
                0x00003384                xTaskRemoveFromEventList
 .text.xTaskRemoveFromUnorderedEventList
                0x00003448       0xcc ./freertos/Source/tasks.o
                0x00003448                xTaskRemoveFromUnorderedEventList
 .text.vTaskSetTimeOutState
                0x00003514       0x44 ./freertos/Source/tasks.o
                0x00003514                vTaskSetTimeOutState
 .text.xTaskCheckForTimeOut
                0x00003558       0xbc ./freertos/Source/tasks.o
                0x00003558                xTaskCheckForTimeOut
 .text.vTaskMissedYield
                0x00003614       0x18 ./freertos/Source/tasks.o
                0x00003614                vTaskMissedYield
 .text.prvIdleTask
                0x0000362c       0x30 ./freertos/Source/tasks.o
 .text.prvInitialiseTaskLists
                0x0000365c       0x7c ./freertos/Source/tasks.o
 .text.prvCheckTasksWaitingTermination
                0x000036d8       0x74 ./freertos/Source/tasks.o
 .text.prvDeleteTCB
                0x0000374c       0x20 ./freertos/Source/tasks.o
 .text.prvResetNextTaskUnblockTime
                0x0000376c       0x48 ./freertos/Source/tasks.o
 .text.xTaskGetSchedulerState
                0x000037b4       0x3c ./freertos/Source/tasks.o
                0x000037b4                xTaskGetSchedulerState
 .text.vTaskPriorityInherit
                0x000037f0       0xec ./freertos/Source/tasks.o
                0x000037f0                vTaskPriorityInherit
 .text.xTaskPriorityDisinherit
                0x000038dc      0x108 ./freertos/Source/tasks.o
                0x000038dc                xTaskPriorityDisinherit
 .text.uxTaskResetEventItemValue
                0x000039e4       0x30 ./freertos/Source/tasks.o
                0x000039e4                uxTaskResetEventItemValue
 .text.pvTaskIncrementMutexHeldCount
                0x00003a14       0x28 ./freertos/Source/tasks.o
                0x00003a14                pvTaskIncrementMutexHeldCount
 .text.prvAddCurrentTaskToDelayedList
                0x00003a3c       0xc8 ./freertos/Source/tasks.o
 .text.xTimerCreateTimerTask
                0x00003b04       0x60 ./freertos/Source/timers.o
                0x00003b04                xTimerCreateTimerTask
 .text.xTimerGenericCommand
                0x00003b64       0xa4 ./freertos/Source/timers.o
                0x00003b64                xTimerGenericCommand
 .text.prvProcessExpiredTimer
                0x00003c08       0x80 ./freertos/Source/timers.o
 .text.prvTimerTask
                0x00003c88       0x24 ./freertos/Source/timers.o
 .text.prvProcessTimerOrBlockTask
                0x00003cac       0x9c ./freertos/Source/timers.o
 .text.prvGetNextExpireTime
                0x00003d48       0x48 ./freertos/Source/timers.o
 .text.prvSampleTimeNow
                0x00003d90       0x40 ./freertos/Source/timers.o
 .text.prvInsertTimerInActiveList
                0x00003dd0       0x84 ./freertos/Source/timers.o
 .text.prvProcessReceivedCommands
                0x00003e54      0x164 ./freertos/Source/timers.o
 .text.prvSwitchTimerLists
                0x00003fb8       0xc0 ./freertos/Source/timers.o
 .text.prvCheckForValidListAndQueue
                0x00004078       0x6c ./freertos/Source/timers.o
 .text.xTimerPendFunctionCallFromISR
                0x000040e4       0x44 ./freertos/Source/timers.o
                0x000040e4                xTimerPendFunctionCallFromISR
 .text.CLOCK_SetEr32kClock
                0x00004128       0x2c ./drivers/fsl_clock.o
 .text.CLOCK_SetPllFllSelClock
                0x00004154       0x38 ./drivers/fsl_clock.o
 .text.OSC_SetExtRefClkConfig
                0x0000418c       0x40 ./drivers/fsl_clock.o
 .text.OSC_SetCapLoad
                0x000041cc       0x34 ./drivers/fsl_clock.o
 .text.CLOCK_GetMcgExtClkFreq
                0x00004200       0x8c ./drivers/fsl_clock.o
 .text.CLOCK_GetFllExtRefClkFreq
                0x0000428c       0xc8 ./drivers/fsl_clock.o
 .text.CLOCK_GetInternalRefClkSelectFreq
                0x00004354       0x44 ./drivers/fsl_clock.o
 .text.CLOCK_GetFllRefClkFreq
                0x00004398       0x2c ./drivers/fsl_clock.o
 .text.CLOCK_GetPll0RefFreq
                0x000043c4       0x10 ./drivers/fsl_clock.o
 .text.CLOCK_GetOscRangeFromFreq
                0x000043d4       0x3c ./drivers/fsl_clock.o
 .text.CLOCK_GetOsc0ErClkUndivFreq
                0x00004410       0x48 ./drivers/fsl_clock.o
                0x00004410                CLOCK_GetOsc0ErClkUndivFreq
 .text.CLOCK_GetOsc0ErClkDivFreq
                0x00004458       0x58 ./drivers/fsl_clock.o
                0x00004458                CLOCK_GetOsc0ErClkDivFreq
 .text.CLOCK_GetEr32kClkFreq
                0x000044b0       0x80 ./drivers/fsl_clock.o
                0x000044b0                CLOCK_GetEr32kClkFreq
 .text.CLOCK_GetPllFllSelClkFreq
                0x00004530       0x54 ./drivers/fsl_clock.o
                0x00004530                CLOCK_GetPllFllSelClkFreq
 .text.CLOCK_GetCoreSysClkFreq
                0x00004584       0x24 ./drivers/fsl_clock.o
                0x00004584                CLOCK_GetCoreSysClkFreq
 .text.CLOCK_GetFreq
                0x000045a8      0x14c ./drivers/fsl_clock.o
                0x000045a8                CLOCK_GetFreq
 .text.CLOCK_SetSimConfig
                0x000046f4       0x34 ./drivers/fsl_clock.o
                0x000046f4                CLOCK_SetSimConfig
 .text.CLOCK_GetOutClkFreq
                0x00004728       0x64 ./drivers/fsl_clock.o
                0x00004728                CLOCK_GetOutClkFreq
 .text.CLOCK_GetFllFreq
                0x0000478c       0x74 ./drivers/fsl_clock.o
                0x0000478c                CLOCK_GetFllFreq
 .text.CLOCK_GetInternalRefClkFreq
                0x00004800       0x24 ./drivers/fsl_clock.o
                0x00004800                CLOCK_GetInternalRefClkFreq
 .text.CLOCK_GetFixedFreqClkFreq
                0x00004824       0x30 ./drivers/fsl_clock.o
                0x00004824                CLOCK_GetFixedFreqClkFreq
 .text.CLOCK_GetPll0Freq
                0x00004854       0x78 ./drivers/fsl_clock.o
                0x00004854                CLOCK_GetPll0Freq
 .text.CLOCK_SetExternalRefClkConfig
                0x000048cc       0x6c ./drivers/fsl_clock.o
                0x000048cc                CLOCK_SetExternalRefClkConfig
 .text.CLOCK_SetInternalRefClkConfig
                0x00004938      0x104 ./drivers/fsl_clock.o
                0x00004938                CLOCK_SetInternalRefClkConfig
 .text.CLOCK_EnablePll0
                0x00004a3c       0x94 ./drivers/fsl_clock.o
                0x00004a3c                CLOCK_EnablePll0
 .text.CLOCK_InitOsc0
                0x00004ad0       0x8c ./drivers/fsl_clock.o
                0x00004ad0                CLOCK_InitOsc0
 .text.CLOCK_SetPbeMode
                0x00004b5c       0xb8 ./drivers/fsl_clock.o
                0x00004b5c                CLOCK_SetPbeMode
 .text.CLOCK_BootToPeeMode
                0x00004c14       0x74 ./drivers/fsl_clock.o
                0x00004c14                CLOCK_BootToPeeMode
 .text.__assert_func
                0x00004c88       0x28 ./drivers/fsl_common.o
                0x00004c88                __assert_func
 .text.CLOCK_EnableClock
                0x00004cb0       0x34 ./drivers/fsl_lpuart.o
 .text.LPUART_GetInstance
                0x00004ce4       0x50 ./drivers/fsl_lpuart.o
                0x00004ce4                LPUART_GetInstance
 .text.LPUART_Init
                0x00004d34      0x23c ./drivers/fsl_lpuart.o
                0x00004d34                LPUART_Init
 .text.LPUART_GetDefaultConfig
                0x00004f70       0x5c ./drivers/fsl_lpuart.o
                0x00004f70                LPUART_GetDefaultConfig
 .text.LPUART_GetStatusFlags
                0x00004fcc       0x1c ./drivers/fsl_lpuart.o
                0x00004fcc                LPUART_GetStatusFlags
 .text.LPUART_ClearStatusFlags
                0x00004fe8       0x80 ./drivers/fsl_lpuart.o
                0x00004fe8                LPUART_ClearStatusFlags
 .text.LPUART_WriteBlocking
                0x00005068       0x5c ./drivers/fsl_lpuart.o
                0x00005068                LPUART_WriteBlocking
 .text.LPUART_ReadBlocking
                0x000050c4       0xd0 ./drivers/fsl_lpuart.o
                0x000050c4                LPUART_ReadBlocking
 .text.LPUART0_DriverIRQHandler
                0x00005194       0x20 ./drivers/fsl_lpuart.o
                0x00005194                LPUART0_DriverIRQHandler
 .text.NVIC_EnableIRQ
                0x000051b4       0x30 ./drivers/fsl_uart.o
 .text.CLOCK_EnableClock
                0x000051e4       0x34 ./drivers/fsl_uart.o
 .text.CLOCK_DisableClock
                0x00005218       0x38 ./drivers/fsl_uart.o
 .text.EnableIRQ
                0x00005250       0x28 ./drivers/fsl_uart.o
 .text.UART_GetInstance
                0x00005278       0x60 ./drivers/fsl_uart.o
                0x00005278                UART_GetInstance
 .text.UART_TransferGetRxRingBufferLength
                0x000052d8       0x6c ./drivers/fsl_uart.o
 .text.UART_TransferIsRxRingBufferFull
                0x00005344       0x4c ./drivers/fsl_uart.o
 .text.UART_Init
                0x00005390      0x260 ./drivers/fsl_uart.o
                0x00005390                UART_Init
 .text.UART_Deinit
                0x000055f0       0x48 ./drivers/fsl_uart.o
                0x000055f0                UART_Deinit
 .text.UART_GetDefaultConfig
                0x00005638       0x54 ./drivers/fsl_uart.o
                0x00005638                UART_GetDefaultConfig
 .text.UART_EnableInterrupts
                0x0000568c       0x70 ./drivers/fsl_uart.o
                0x0000568c                UART_EnableInterrupts
 .text.UART_DisableInterrupts
                0x000056fc       0x80 ./drivers/fsl_uart.o
                0x000056fc                UART_DisableInterrupts
 .text.UART_GetStatusFlags
                0x0000577c       0x48 ./drivers/fsl_uart.o
                0x0000577c                UART_GetStatusFlags
 .text.UART_ClearStatusFlags
                0x000057c4       0x8c ./drivers/fsl_uart.o
                0x000057c4                UART_ClearStatusFlags
 .text.UART_WriteBlocking
                0x00005850       0x40 ./drivers/fsl_uart.o
                0x00005850                UART_WriteBlocking
 .text.UART_WriteNonBlocking
                0x00005890       0x54 ./drivers/fsl_uart.o
 .text.UART_ReadBlocking
                0x000058e4       0xa4 ./drivers/fsl_uart.o
                0x000058e4                UART_ReadBlocking
 .text.UART_ReadNonBlocking
                0x00005988       0x54 ./drivers/fsl_uart.o
 .text.UART_TransferCreateHandle
                0x000059dc       0x98 ./drivers/fsl_uart.o
                0x000059dc                UART_TransferCreateHandle
 .text.UART_TransferStartRingBuffer
                0x00005a74       0x88 ./drivers/fsl_uart.o
                0x00005a74                UART_TransferStartRingBuffer
 .text.UART_TransferReceiveNonBlocking
                0x00005afc      0x1d8 ./drivers/fsl_uart.o
                0x00005afc                UART_TransferReceiveNonBlocking
 .text.UART_TransferAbortReceive
                0x00005cd4       0x6c ./drivers/fsl_uart.o
                0x00005cd4                UART_TransferAbortReceive
 .text.UART_TransferHandleIRQ
                0x00005d40      0x3e4 ./drivers/fsl_uart.o
                0x00005d40                UART_TransferHandleIRQ
 .text.UART0_DriverIRQHandler
                0x00006124       0x20 ./drivers/fsl_uart.o
                0x00006124                UART0_DriverIRQHandler
 .text.UART0_RX_TX_DriverIRQHandler
                0x00006144        0xc ./drivers/fsl_uart.o
                0x00006144                UART0_RX_TX_DriverIRQHandler
 .text.UART1_DriverIRQHandler
                0x00006150       0x20 ./drivers/fsl_uart.o
                0x00006150                UART1_DriverIRQHandler
 .text.UART1_RX_TX_DriverIRQHandler
                0x00006170        0xc ./drivers/fsl_uart.o
                0x00006170                UART1_RX_TX_DriverIRQHandler
 .text.UART2_DriverIRQHandler
                0x0000617c       0x20 ./drivers/fsl_uart.o
                0x0000617c                UART2_DriverIRQHandler
 .text.UART2_RX_TX_DriverIRQHandler
                0x0000619c        0xc ./drivers/fsl_uart.o
                0x0000619c                UART2_RX_TX_DriverIRQHandler
 .text.UART_EnableTx
                0x000061a8       0x40 ./drivers/fsl_uart_freertos.o
 .text.UART_EnableRx
                0x000061e8       0x40 ./drivers/fsl_uart_freertos.o
 .text.UART_RTOS_Callback
                0x00006228       0xc4 ./drivers/fsl_uart_freertos.o
 .text.UART_RTOS_Init
                0x000062ec      0x170 ./drivers/fsl_uart_freertos.o
                0x000062ec                UART_RTOS_Init
 .text.UART_RTOS_Deinit
                0x0000645c       0x70 ./drivers/fsl_uart_freertos.o
                0x0000645c                UART_RTOS_Deinit
 .text.UART_RTOS_Receive
                0x000064cc      0x144 ./drivers/fsl_uart_freertos.o
                0x000064cc                UART_RTOS_Receive
 .text.SystemInit
                0x00006610       0x3c ./devices/system_MK22F51212.o
                0x00006610                SystemInit
 .text.__errno  0x0000664c        0xc c:/freescale/kds_v3/toolchain/bin/../lib/gcc/arm-none-eabi/4.8.4/../../../../arm-none-eabi/lib/armv7e-m/fpu\libg_s.a(lib_a-errno.o)
                0x0000664c                __errno
 .text.exit     0x00006658       0x28 c:/freescale/kds_v3/toolchain/bin/../lib/gcc/arm-none-eabi/4.8.4/../../../../arm-none-eabi/lib/armv7e-m/fpu\libg_s.a(lib_a-exit.o)
                0x00006658                exit
 .text.__libc_init_array
                0x00006680       0x4c c:/freescale/kds_v3/toolchain/bin/../lib/gcc/arm-none-eabi/4.8.4/../../../../arm-none-eabi/lib/armv7e-m/fpu\libg_s.a(lib_a-init.o)
                0x00006680                __libc_init_array
 .text.memcpy   0x000066cc       0x12 c:/freescale/kds_v3/toolchain/bin/../lib/gcc/arm-none-eabi/4.8.4/../../../../arm-none-eabi/lib/armv7e-m/fpu\libg_s.a(lib_a-memcpy-stub.o)
                0x000066cc                memcpy
 .text.memset   0x000066de       0x10 c:/freescale/kds_v3/toolchain/bin/../lib/gcc/arm-none-eabi/4.8.4/../../../../arm-none-eabi/lib/armv7e-m/fpu\libg_s.a(lib_a-memset.o)
                0x000066de                memset
 .text.strlen   0x000066ee       0x10 c:/freescale/kds_v3/toolchain/bin/../lib/gcc/arm-none-eabi/4.8.4/../../../../arm-none-eabi/lib/armv7e-m/fpu\libg_s.a(lib_a-strlen.o)
                0x000066ee                strlen
 .text.strncmp  0x000066fe       0x2e c:/freescale/kds_v3/toolchain/bin/../lib/gcc/arm-none-eabi/4.8.4/../../../../arm-none-eabi/lib/armv7e-m/fpu\libg_s.a(lib_a-strncmp.o)
                0x000066fe                strncmp
 .text.strtok   0x0000672c       0x64 c:/freescale/kds_v3/toolchain/bin/../lib/gcc/arm-none-eabi/4.8.4/../../../../arm-none-eabi/lib/armv7e-m/fpu\libg_s.a(lib_a-strtok.o)
                0x0000672c                strtok
 .text.__strtok_r
                0x00006790       0x56 c:/freescale/kds_v3/toolchain/bin/../lib/gcc/arm-none-eabi/4.8.4/../../../../arm-none-eabi/lib/armv7e-m/fpu\libg_s.a(lib_a-strtok_r.o)
                0x00006790                __strtok_r
 *fill*         0x000067e6        0x2 
 .text.malloc   0x000067e8       0x10 c:/freescale/kds_v3/toolchain/bin/../lib/gcc/arm-none-eabi/4.8.4/../../../../arm-none-eabi/lib/armv7e-m/fpu\libg_s.a(lib_a-malloc.o)
                0x000067e8                malloc
 .text._malloc_r
                0x000067f8       0xa8 c:/freescale/kds_v3/toolchain/bin/../lib/gcc/arm-none-eabi/4.8.4/../../../../arm-none-eabi/lib/armv7e-m/fpu\libg_s.a(lib_a-nano-mallocr.o)
                0x000067f8                _malloc_r
 .text._sbrk_r  0x000068a0       0x20 c:/freescale/kds_v3/toolchain/bin/../lib/gcc/arm-none-eabi/4.8.4/../../../../arm-none-eabi/lib/armv7e-m/fpu\libg_s.a(lib_a-sbrkr.o)
                0x000068a0                _sbrk_r
 .text._exit    0x000068c0        0x4 c:/freescale/kds_v3/toolchain/bin/../lib/gcc/arm-none-eabi/4.8.4/../../../../arm-none-eabi/lib/armv7e-m/fpu\libnosys.a(_exit.o)
                0x000068c0                _exit
 *(.rodata)
 .rodata        0x000068c4       0x68 ./sources/freertos_uart.o
 .rodata        0x0000692c       0x18 ./freertos/Source/tasks.o
                0x00006934                FreeRTOSDebugConfig
 .rodata        0x00006944       0x10 ./freertos/Source/timers.o
 .rodata        0x00006954       0x48 ./drivers/fsl_clock.o
 .rodata        0x0000699c       0x40 ./drivers/fsl_common.o
 .rodata        0x000069dc       0xb8 ./drivers/fsl_lpuart.o
 .rodata        0x00006a94      0x12c ./drivers/fsl_uart.o
 *(.rodata*)
 .rodata.mcgConfig_BOARD_BootClockRUN
                0x00006bc0        0xc ./sources/clock_config.o
                0x00006bc0                mcgConfig_BOARD_BootClockRUN
 .rodata.simConfig_BOARD_BootClockRUN
                0x00006bcc        0x8 ./sources/clock_config.o
                0x00006bcc                simConfig_BOARD_BootClockRUN
 .rodata.oscConfig_BOARD_BootClockRUN
                0x00006bd4        0x8 ./sources/clock_config.o
                0x00006bd4                oscConfig_BOARD_BootClockRUN
 .rodata.__func__.6069
                0x00006bdc       0x18 ./drivers/fsl_clock.o
 .rodata.__func__.6107
                0x00006bf4       0x1c ./drivers/fsl_clock.o
 .rodata.__func__.6111
                0x00006c10       0x1c ./drivers/fsl_clock.o
 .rodata.__func__.6119
                0x00006c2c       0x18 ./drivers/fsl_clock.o
 .rodata.fllFactorTable.6198
                0x00006c44       0x10 ./drivers/fsl_clock.o
 .rodata.__func__.6213
                0x00006c54       0x14 ./drivers/fsl_clock.o
 .rodata.__func__.6258
                0x00006c68       0x14 ./drivers/fsl_clock.o
 .rodata.__func__.6400
                0x00006c7c       0x14 ./drivers/fsl_clock.o
 .rodata.__func__.6467
                0x00006c90       0x14 ./drivers/fsl_clock.o
 .rodata.__func__.6258
                0x00006ca4       0x14 ./drivers/fsl_lpuart.o
 .rodata.__func__.6296
                0x00006cb8        0xc ./drivers/fsl_lpuart.o
 .rodata.__func__.6320
                0x00006cc4       0x18 ./drivers/fsl_lpuart.o
 .rodata.__func__.6366
                0x00006cdc       0x18 ./drivers/fsl_lpuart.o
 .rodata.__func__.6378
                0x00006cf4       0x14 ./drivers/fsl_lpuart.o
 .rodata.s_uartBases
                0x00006d08        0xc ./drivers/fsl_uart.o
 .rodata.s_uartIRQ
                0x00006d14        0x4 ./drivers/fsl_uart.o
 .rodata.s_uartClock
                0x00006d18        0xc ./drivers/fsl_uart.o
 .rodata.__func__.6262
                0x00006d24       0x14 ./drivers/fsl_uart.o
 .rodata.__func__.6266
                0x00006d38       0x24 ./drivers/fsl_uart.o
 .rodata.__func__.6271
                0x00006d5c       0x20 ./drivers/fsl_uart.o
 .rodata.__func__.6278
                0x00006d7c        0xc ./drivers/fsl_uart.o
 .rodata.__func__.6296
                0x00006d88       0x18 ./drivers/fsl_uart.o
 .rodata.__func__.6346
                0x00006da0       0x18 ./drivers/fsl_uart.o
 .rodata.__func__.6356
                0x00006db8       0x14 ./drivers/fsl_uart.o
 .rodata.__func__.6369
                0x00006dcc       0x18 ./drivers/fsl_uart.o
 .rodata.__func__.6380
                0x00006de4       0x1c ./drivers/fsl_uart.o
 .rodata.__func__.6388
                0x00006e00       0x20 ./drivers/fsl_uart.o
 .rodata.__func__.6418
                0x00006e20       0x20 ./drivers/fsl_uart.o
 .rodata.__func__.6431
                0x00006e40       0x1c ./drivers/fsl_uart.o
 .rodata.__func__.6442
                0x00006e5c       0x18 ./drivers/fsl_uart.o
 .rodata.str1.1
                0x00006e74        0x2 c:/freescale/kds_v3/toolchain/bin/../lib/gcc/arm-none-eabi/4.8.4/../../../../arm-none-eabi/lib/armv7e-m/fpu\libg_s.a(lib_a-impure.o)
 *fill*         0x00006e76        0x2 
 .rodata._global_impure_ptr
                0x00006e78        0x4 c:/freescale/kds_v3/toolchain/bin/../lib/gcc/arm-none-eabi/4.8.4/../../../../arm-none-eabi/lib/armv7e-m/fpu\libg_s.a(lib_a-impure.o)
                0x00006e78                _global_impure_ptr
 *(.glue_7)
 .glue_7        0x00000000        0x0 linker stubs
 *(.glue_7t)
 .glue_7t       0x00000000        0x0 linker stubs
 *(.eh_frame)
 .eh_frame      0x00006e7c        0x0 c:/freescale/kds_v3/toolchain/bin/../lib/gcc/arm-none-eabi/4.8.4/armv7e-m/fpu/crtbegin.o
 *(.init)
 .init          0x00006e7c        0x4 c:/freescale/kds_v3/toolchain/bin/../lib/gcc/arm-none-eabi/4.8.4/armv7e-m/fpu/crti.o
                0x00006e7c                _init
 .init          0x00006e80        0x8 c:/freescale/kds_v3/toolchain/bin/../lib/gcc/arm-none-eabi/4.8.4/armv7e-m/fpu/crtn.o
 *(.fini)
 .fini          0x00006e88        0x4 c:/freescale/kds_v3/toolchain/bin/../lib/gcc/arm-none-eabi/4.8.4/armv7e-m/fpu/crti.o
                0x00006e88                _fini
 .fini          0x00006e8c        0x8 c:/freescale/kds_v3/toolchain/bin/../lib/gcc/arm-none-eabi/4.8.4/armv7e-m/fpu/crtn.o
                0x00006e94                . = ALIGN (0x4)

.vfp11_veneer   0x00006e94        0x0
 .vfp11_veneer  0x00000000        0x0 linker stubs

.v4_bx          0x00006e94        0x0
 .v4_bx         0x00000000        0x0 linker stubs

.iplt           0x00006e94        0x0
 .iplt          0x00000000        0x0 c:/freescale/kds_v3/toolchain/bin/../lib/gcc/arm-none-eabi/4.8.4/armv7e-m/fpu/crtbegin.o

.ARM.extab
 *(.ARM.extab* .gnu.linkonce.armextab.*)

.ARM            0x00006e94        0x8
                0x00006e94                __exidx_start = .
 *(.ARM.exidx*)
 .ARM.exidx     0x00006e94        0x8 c:/freescale/kds_v3/toolchain/bin/../lib/gcc/arm-none-eabi/4.8.4/../../../../arm-none-eabi/lib/armv7e-m/fpu/crt0.o
                0x00006e9c                __exidx_end = .

.rel.dyn        0x00006e9c        0x0
 .rel.iplt      0x00000000        0x0 c:/freescale/kds_v3/toolchain/bin/../lib/gcc/arm-none-eabi/4.8.4/armv7e-m/fpu/crtbegin.o

.ctors          0x00006e9c        0x0
                0x00006e9c                __CTOR_LIST__ = .
 *crtbegin.o(.ctors)
 *crtbegin?.o(.ctors)
 *(EXCLUDE_FILE(*crtend.o *crtend?.o) .ctors)
 *(SORT(.ctors.*))
 *(.ctors)
                0x00006e9c                __CTOR_END__ = .

.dtors          0x00006e9c        0x0
                0x00006e9c                __DTOR_LIST__ = .
 *crtbegin.o(.dtors)
 *crtbegin?.o(.dtors)
 *(EXCLUDE_FILE(*crtend.o *crtend?.o) .dtors)
 *(SORT(.dtors.*))
 *(.dtors)
                0x00006e9c                __DTOR_END__ = .

.preinit_array  0x00006e9c        0x0
                0x00006e9c                PROVIDE (__preinit_array_start, .)
 *(.preinit_array*)
                0x00006e9c                PROVIDE (__preinit_array_end, .)

.init_array     0x00006e9c        0x4
                0x00006e9c                PROVIDE (__init_array_start, .)
 *(SORT(.init_array.*))
 *(.init_array*)
 .init_array    0x00006e9c        0x4 c:/freescale/kds_v3/toolchain/bin/../lib/gcc/arm-none-eabi/4.8.4/armv7e-m/fpu/crtbegin.o
                0x00006ea0                PROVIDE (__init_array_end, .)

.fini_array     0x00006ea0        0x4
                0x00006ea0                PROVIDE (__fini_array_start, .)
 *(SORT(.fini_array.*))
 *(.fini_array*)
 .fini_array    0x00006ea0        0x4 c:/freescale/kds_v3/toolchain/bin/../lib/gcc/arm-none-eabi/4.8.4/armv7e-m/fpu/crtbegin.o
                0x00006ea4                PROVIDE (__fini_array_end, .)
                0x00006ea4                __etext = .
                0x00006ea4                __DATA_ROM = .

.interrupts_ram
                0x1fff0000        0x0
                0x1fff0000                . = ALIGN (0x4)
                0x1fff0000                __VECTOR_RAM__ = .
                0x1fff0000                __interrupts_ram_start__ = .
 *(.m_interrupts_ram)
                0x1fff0000                . = (. + M_VECTOR_RAM_SIZE)
                0x1fff0000                . = ALIGN (0x4)
                0x1fff0000                __interrupts_ram_end__ = .
                0x00000000                __VECTOR_RAM = DEFINED (__ram_vector_table__)?__VECTOR_RAM__:ORIGIN (m_interrupts)
                0x00000000                __RAM_VECTOR_TABLE_SIZE_BYTES = DEFINED (__ram_vector_table__)?(__interrupts_ram_end__ - __interrupts_ram_start__):0x0

.data           0x1fff0000       0xa8 load address 0x00006ea4
                0x1fff0000                . = ALIGN (0x4)
                0x1fff0000                __DATA_RAM = .
                0x1fff0000                __data_start__ = .
 *(.data)
 *(.data*)
 .data.uart_config
                0x1fff0000       0x18 ./sources/freertos_uart.o
                0x1fff0000                uart_config
 .data.pHuart_config
                0x1fff0018       0x18 ./sources/freertos_uart.o
                0x1fff0018                pHuart_config
 .data.uxCriticalNesting
                0x1fff0030        0x4 ./freertos/Source/portable/GCC/ARM_CM4F/port.o
 .data.s_slowIrcFreq
                0x1fff0034        0x4 ./drivers/fsl_clock.o
 .data.s_fastIrcFreq
                0x1fff0038        0x4 ./drivers/fsl_clock.o
 .data.SystemCoreClock
                0x1fff003c        0x4 ./devices/system_MK22F51212.o
                0x1fff003c                SystemCoreClock
 .data.impure_data
                0x1fff0040       0x60 c:/freescale/kds_v3/toolchain/bin/../lib/gcc/arm-none-eabi/4.8.4/../../../../arm-none-eabi/lib/armv7e-m/fpu\libg_s.a(lib_a-impure.o)
 .data._impure_ptr
                0x1fff00a0        0x4 c:/freescale/kds_v3/toolchain/bin/../lib/gcc/arm-none-eabi/4.8.4/../../../../arm-none-eabi/lib/armv7e-m/fpu\libg_s.a(lib_a-impure.o)
                0x1fff00a0                _impure_ptr
 *(.jcr*)
 .jcr           0x1fff00a4        0x0 c:/freescale/kds_v3/toolchain/bin/../lib/gcc/arm-none-eabi/4.8.4/armv7e-m/fpu/crtbegin.o
 .jcr           0x1fff00a4        0x4 c:/freescale/kds_v3/toolchain/bin/../lib/gcc/arm-none-eabi/4.8.4/armv7e-m/fpu/crtend.o
                0x1fff00a8                . = ALIGN (0x4)
                0x1fff00a8                __data_end__ = .
                0x00006f4c                __DATA_END = (__DATA_ROM + (__data_end__ - __data_start__))
                0x00080000                text_end = (ORIGIN (m_text) + 0x7fbf0)
                0x00000001                ASSERT ((__DATA_END <= text_end), region m_text overflowed with text and data)

.igot.plt       0x1fff00a8        0x0 load address 0x00006f4c
 .igot.plt      0x00000000        0x0 c:/freescale/kds_v3/toolchain/bin/../lib/gcc/arm-none-eabi/4.8.4/armv7e-m/fpu/crtbegin.o

.bss            0x1fff00a8     0x2b5c load address 0x00006f4c
                0x1fff00a8                . = ALIGN (0x4)
                0x1fff00a8                __START_BSS = .
                0x1fff00a8                __bss_start__ = .
 *(.bss)
 .bss           0x1fff00a8       0x1c c:/freescale/kds_v3/toolchain/bin/../lib/gcc/arm-none-eabi/4.8.4/armv7e-m/fpu/crtbegin.o
 *(.bss*)
 .bss.s_debugConsole
                0x1fff00c4       0x10 ./utilities/fsl_debug_console.o
 .bss.heap_end.4522
                0x1fff00d4        0x4 ./utilities/fsl_sbrk.o
 .bss.background_buffer
                0x1fff00d8       0x28 ./sources/freertos_uart.o
                0x1fff00d8                background_buffer
 .bss.recv_buffer
                0x1fff0100        0x4 ./sources/freertos_uart.o
                0x1fff0100                recv_buffer
 .bss.handle    0x1fff0104       0x28 ./sources/freertos_uart.o
                0x1fff0104                handle
 .bss.t_handle  0x1fff012c       0x30 ./sources/freertos_uart.o
                0x1fff012c                t_handle
 .bss.background_pHbuffer
                0x1fff015c       0x28 ./sources/freertos_uart.o
                0x1fff015c                background_pHbuffer
 .bss.recv_pHbuffer
                0x1fff0184        0x4 ./sources/freertos_uart.o
                0x1fff0184                recv_pHbuffer
 .bss.pHhandle  0x1fff0188       0x28 ./sources/freertos_uart.o
                0x1fff0188                pHhandle
 .bss.t_pHhandle
                0x1fff01b0       0x30 ./sources/freertos_uart.o
                0x1fff01b0                t_pHhandle
 .bss.inputstring
                0x1fff01e0       0x20 ./sources/freertos_uart.o
                0x1fff01e0                inputstring
 .bss.inputstringpH
                0x1fff0200       0x20 ./sources/freertos_uart.o
                0x1fff0200                inputstringpH
 .bss.endofDataFlag
                0x1fff0220        0x1 ./sources/freertos_uart.o
                0x1fff0220                endofDataFlag
 *fill*         0x1fff0221        0x3 
 .bss.EC        0x1fff0224        0x4 ./sources/freertos_uart.o
                0x1fff0224                EC
 .bss.TDS       0x1fff0228        0x4 ./sources/freertos_uart.o
                0x1fff0228                TDS
 .bss.SAL       0x1fff022c        0x4 ./sources/freertos_uart.o
                0x1fff022c                SAL
 .bss.GRAV      0x1fff0230        0x4 ./sources/freertos_uart.o
                0x1fff0230                GRAV
 .bss.i         0x1fff0234        0x4 ./sources/freertos_uart.o
                0x1fff0234                i
 .bss.ucHeap    0x1fff0238     0x2800 ./freertos/Source/portable/MemMang/heap_4.o
 .bss.xStart    0x1fff2a38        0x8 ./freertos/Source/portable/MemMang/heap_4.o
 .bss.pxEnd     0x1fff2a40        0x4 ./freertos/Source/portable/MemMang/heap_4.o
 .bss.xFreeBytesRemaining
                0x1fff2a44        0x4 ./freertos/Source/portable/MemMang/heap_4.o
 .bss.xMinimumEverFreeBytesRemaining
                0x1fff2a48        0x4 ./freertos/Source/portable/MemMang/heap_4.o
 .bss.xBlockAllocatedBit
                0x1fff2a4c        0x4 ./freertos/Source/portable/MemMang/heap_4.o
 .bss.ucMaxSysCallPriority
                0x1fff2a50        0x1 ./freertos/Source/portable/GCC/ARM_CM4F/port.o
 *fill*         0x1fff2a51        0x3 
 .bss.ulMaxPRIGROUPValue
                0x1fff2a54        0x4 ./freertos/Source/portable/GCC/ARM_CM4F/port.o
 .bss.xQueueRegistry
                0x1fff2a58       0x40 ./freertos/Source/queue.o
                0x1fff2a58                xQueueRegistry
 .bss.pxCurrentTCB
                0x1fff2a98        0x4 ./freertos/Source/tasks.o
                0x1fff2a98                pxCurrentTCB
 .bss.pxReadyTasksLists
                0x1fff2a9c       0x64 ./freertos/Source/tasks.o
 .bss.xDelayedTaskList1
                0x1fff2b00       0x14 ./freertos/Source/tasks.o
 .bss.xDelayedTaskList2
                0x1fff2b14       0x14 ./freertos/Source/tasks.o
 .bss.pxDelayedTaskList
                0x1fff2b28        0x4 ./freertos/Source/tasks.o
 .bss.pxOverflowDelayedTaskList
                0x1fff2b2c        0x4 ./freertos/Source/tasks.o
 .bss.xPendingReadyList
                0x1fff2b30       0x14 ./freertos/Source/tasks.o
 .bss.xTasksWaitingTermination
                0x1fff2b44       0x14 ./freertos/Source/tasks.o
 .bss.uxDeletedTasksWaitingCleanUp
                0x1fff2b58        0x4 ./freertos/Source/tasks.o
 .bss.xSuspendedTaskList
                0x1fff2b5c       0x14 ./freertos/Source/tasks.o
 .bss.uxCurrentNumberOfTasks
                0x1fff2b70        0x4 ./freertos/Source/tasks.o
 .bss.xTickCount
                0x1fff2b74        0x4 ./freertos/Source/tasks.o
 .bss.uxTopReadyPriority
                0x1fff2b78        0x4 ./freertos/Source/tasks.o
 .bss.xSchedulerRunning
                0x1fff2b7c        0x4 ./freertos/Source/tasks.o
 .bss.uxPendedTicks
                0x1fff2b80        0x4 ./freertos/Source/tasks.o
 .bss.xYieldPending
                0x1fff2b84        0x4 ./freertos/Source/tasks.o
 .bss.xNumOfOverflows
                0x1fff2b88        0x4 ./freertos/Source/tasks.o
 .bss.uxTaskNumber
                0x1fff2b8c        0x4 ./freertos/Source/tasks.o
 .bss.xNextTaskUnblockTime
                0x1fff2b90        0x4 ./freertos/Source/tasks.o
 .bss.xIdleTaskHandle
                0x1fff2b94        0x4 ./freertos/Source/tasks.o
 .bss.uxSchedulerSuspended
                0x1fff2b98        0x4 ./freertos/Source/tasks.o
 .bss.xActiveTimerList1
                0x1fff2b9c       0x14 ./freertos/Source/timers.o
 .bss.xActiveTimerList2
                0x1fff2bb0       0x14 ./freertos/Source/timers.o
 .bss.pxCurrentTimerList
                0x1fff2bc4        0x4 ./freertos/Source/timers.o
 .bss.pxOverflowTimerList
                0x1fff2bc8        0x4 ./freertos/Source/timers.o
 .bss.xTimerQueue
                0x1fff2bcc        0x4 ./freertos/Source/timers.o
 .bss.xTimerTaskHandle
                0x1fff2bd0        0x4 ./freertos/Source/timers.o
 .bss.xLastTime.4862
                0x1fff2bd4        0x4 ./freertos/Source/timers.o
 .bss.g_xtal0Freq
                0x1fff2bd8        0x4 ./drivers/fsl_clock.o
                0x1fff2bd8                g_xtal0Freq
 .bss.g_xtal32Freq
                0x1fff2bdc        0x4 ./drivers/fsl_clock.o
                0x1fff2bdc                g_xtal32Freq
 .bss.s_lpuartHandle
                0x1fff2be0        0x4 ./drivers/fsl_lpuart.o
 .bss.s_lpuartIsr
                0x1fff2be4        0x4 ./drivers/fsl_lpuart.o
 .bss.s_uartHandle
                0x1fff2be8        0xc ./drivers/fsl_uart.o
 .bss.s_uartIsr
                0x1fff2bf4        0x4 ./drivers/fsl_uart.o
 .bss.__malloc_sbrk_start
                0x1fff2bf8        0x4 c:/freescale/kds_v3/toolchain/bin/../lib/gcc/arm-none-eabi/4.8.4/../../../../arm-none-eabi/lib/armv7e-m/fpu\libg_s.a(lib_a-nano-mallocr.o)
                0x1fff2bf8                __malloc_sbrk_start
 .bss.__malloc_free_list
                0x1fff2bfc        0x4 c:/freescale/kds_v3/toolchain/bin/../lib/gcc/arm-none-eabi/4.8.4/../../../../arm-none-eabi/lib/armv7e-m/fpu\libg_s.a(lib_a-nano-mallocr.o)
                0x1fff2bfc                __malloc_free_list
 *(COMMON)
 COMMON         0x1fff2c00        0x4 c:/freescale/kds_v3/toolchain/bin/../lib/gcc/arm-none-eabi/4.8.4/../../../../arm-none-eabi/lib/armv7e-m/fpu\libg_s.a(lib_a-reent.o)
                0x1fff2c00                errno
                0x1fff2c04                . = ALIGN (0x4)
                0x1fff2c04                __bss_end__ = .
                0x1fff2c04                __END_BSS = .

.heap           0x20000000      0x400
                0x20000000                . = ALIGN (0x8)
                0x20000000                __end__ = .
                0x20000000                PROVIDE (end, .)
                0x20000000                __HeapBase = .
                0x20000400                . = (. + HEAP_SIZE)
 *fill*         0x20000000      0x400 
                0x20000400                __HeapLimit = .
                0x20000400                __heap_limit = .

.stack          0x20000400      0x400
                0x20000400                . = ALIGN (0x8)
                0x20000800                . = (. + STACK_SIZE)
 *fill*         0x20000400      0x400 
                0x20010000                __StackTop = (ORIGIN (m_data_2) + 0x10000)
                0x2000fc00                __StackLimit = (__StackTop - STACK_SIZE)
                0x20010000                PROVIDE (__stack, __StackTop)

.ARM.attributes
                0x00000000       0x30
 *(.ARM.attributes)
 .ARM.attributes
                0x00000000       0x22 c:/freescale/kds_v3/toolchain/bin/../lib/gcc/arm-none-eabi/4.8.4/armv7e-m/fpu/crti.o
 .ARM.attributes
                0x00000022       0x34 c:/freescale/kds_v3/toolchain/bin/../lib/gcc/arm-none-eabi/4.8.4/armv7e-m/fpu/crtbegin.o
 .ARM.attributes
                0x00000056       0x20 c:/freescale/kds_v3/toolchain/bin/../lib/gcc/arm-none-eabi/4.8.4/../../../../arm-none-eabi/lib/armv7e-m/fpu/crt0.o
 .ARM.attributes
                0x00000076       0x39 ./utilities/fsl_debug_console.o
 .ARM.attributes
                0x000000af       0x39 ./utilities/fsl_sbrk.o
 .ARM.attributes
                0x000000e8       0x39 ./sources/board.o
 .ARM.attributes
                0x00000121       0x39 ./sources/clock_config.o
 .ARM.attributes
                0x0000015a       0x39 ./sources/freertos_uart.o
 .ARM.attributes
                0x00000193       0x39 ./sources/pin_mux.o
 .ARM.attributes
                0x000001cc       0x39 ./freertos/Source/portable/MemMang/heap_4.o
 .ARM.attributes
                0x00000205       0x39 ./freertos/Source/portable/GCC/ARM_CM4F/fsl_tickless_systick.o
 .ARM.attributes
                0x0000023e       0x39 ./freertos/Source/portable/GCC/ARM_CM4F/port.o
 .ARM.attributes
                0x00000277       0x39 ./freertos/Source/event_groups.o
 .ARM.attributes
                0x000002b0       0x39 ./freertos/Source/list.o
 .ARM.attributes
                0x000002e9       0x39 ./freertos/Source/queue.o
 .ARM.attributes
                0x00000322       0x39 ./freertos/Source/tasks.o
 .ARM.attributes
                0x0000035b       0x39 ./freertos/Source/timers.o
 .ARM.attributes
                0x00000394       0x39 ./drivers/fsl_clock.o
 .ARM.attributes
                0x000003cd       0x39 ./drivers/fsl_common.o
 .ARM.attributes
                0x00000406       0x39 ./drivers/fsl_lpuart.o
 .ARM.attributes
                0x0000043f       0x39 ./drivers/fsl_uart.o
 .ARM.attributes
                0x00000478       0x39 ./drivers/fsl_uart_freertos.o
 .ARM.attributes
                0x000004b1       0x1f ./devices/gcc/startup_MK22F51212.o
 .ARM.attributes
                0x000004d0       0x39 ./devices/system_MK22F51212.o
 .ARM.attributes
                0x00000509       0x34 c:/freescale/kds_v3/toolchain/bin/../lib/gcc/arm-none-eabi/4.8.4/../../../../arm-none-eabi/lib/armv7e-m/fpu\libg_s.a(lib_a-errno.o)
 .ARM.attributes
                0x0000053d       0x34 c:/freescale/kds_v3/toolchain/bin/../lib/gcc/arm-none-eabi/4.8.4/../../../../arm-none-eabi/lib/armv7e-m/fpu\libg_s.a(lib_a-exit.o)
 .ARM.attributes
                0x00000571       0x34 c:/freescale/kds_v3/toolchain/bin/../lib/gcc/arm-none-eabi/4.8.4/../../../../arm-none-eabi/lib/armv7e-m/fpu\libg_s.a(lib_a-impure.o)
 .ARM.attributes
                0x000005a5       0x34 c:/freescale/kds_v3/toolchain/bin/../lib/gcc/arm-none-eabi/4.8.4/../../../../arm-none-eabi/lib/armv7e-m/fpu\libg_s.a(lib_a-init.o)
 .ARM.attributes
                0x000005d9       0x34 c:/freescale/kds_v3/toolchain/bin/../lib/gcc/arm-none-eabi/4.8.4/../../../../arm-none-eabi/lib/armv7e-m/fpu\libg_s.a(lib_a-memcpy-stub.o)
 .ARM.attributes
                0x0000060d       0x34 c:/freescale/kds_v3/toolchain/bin/../lib/gcc/arm-none-eabi/4.8.4/../../../../arm-none-eabi/lib/armv7e-m/fpu\libg_s.a(lib_a-memset.o)
 .ARM.attributes
                0x00000641       0x34 c:/freescale/kds_v3/toolchain/bin/../lib/gcc/arm-none-eabi/4.8.4/../../../../arm-none-eabi/lib/armv7e-m/fpu\libg_s.a(lib_a-strlen.o)
 .ARM.attributes
                0x00000675       0x34 c:/freescale/kds_v3/toolchain/bin/../lib/gcc/arm-none-eabi/4.8.4/../../../../arm-none-eabi/lib/armv7e-m/fpu\libg_s.a(lib_a-strncmp.o)
 .ARM.attributes
                0x000006a9       0x34 c:/freescale/kds_v3/toolchain/bin/../lib/gcc/arm-none-eabi/4.8.4/../../../../arm-none-eabi/lib/armv7e-m/fpu\libg_s.a(lib_a-strtok.o)
 .ARM.attributes
                0x000006dd       0x34 c:/freescale/kds_v3/toolchain/bin/../lib/gcc/arm-none-eabi/4.8.4/../../../../arm-none-eabi/lib/armv7e-m/fpu\libg_s.a(lib_a-strtok_r.o)
 .ARM.attributes
                0x00000711       0x34 c:/freescale/kds_v3/toolchain/bin/../lib/gcc/arm-none-eabi/4.8.4/../../../../arm-none-eabi/lib/armv7e-m/fpu\libg_s.a(lib_a-malloc.o)
 .ARM.attributes
                0x00000745       0x34 c:/freescale/kds_v3/toolchain/bin/../lib/gcc/arm-none-eabi/4.8.4/../../../../arm-none-eabi/lib/armv7e-m/fpu\libg_s.a(lib_a-nano-mallocr.o)
 .ARM.attributes
                0x00000779       0x34 c:/freescale/kds_v3/toolchain/bin/../lib/gcc/arm-none-eabi/4.8.4/../../../../arm-none-eabi/lib/armv7e-m/fpu\libg_s.a(lib_a-sbrkr.o)
 .ARM.attributes
                0x000007ad       0x34 c:/freescale/kds_v3/toolchain/bin/../lib/gcc/arm-none-eabi/4.8.4/../../../../arm-none-eabi/lib/armv7e-m/fpu\libg_s.a(lib_a-reent.o)
 .ARM.attributes
                0x000007e1       0x34 c:/freescale/kds_v3/toolchain/bin/../lib/gcc/arm-none-eabi/4.8.4/../../../../arm-none-eabi/lib/armv7e-m/fpu\libnosys.a(_exit.o)
 .ARM.attributes
                0x00000815       0x34 c:/freescale/kds_v3/toolchain/bin/../lib/gcc/arm-none-eabi/4.8.4/armv7e-m/fpu/crtend.o
 .ARM.attributes
                0x00000849       0x22 c:/freescale/kds_v3/toolchain/bin/../lib/gcc/arm-none-eabi/4.8.4/armv7e-m/fpu/crtn.o
                0x00000001                ASSERT ((__StackLimit >= __HeapLimit), region m_data_2 overflowed with stack and heap)
OUTPUT(EC_Sensor_Test.elf elf32-littlearm)

.debug_info     0x00000000     0xf096
 .debug_info    0x00000000     0x1000 ./utilities/fsl_debug_console.o
 .debug_info    0x00001000      0x10e ./utilities/fsl_sbrk.o
 .debug_info    0x0000110e      0x36c ./sources/board.o
 .debug_info    0x0000147a      0xa2c ./sources/clock_config.o
 .debug_info    0x00001ea6      0xf5a ./sources/freertos_uart.o
 .debug_info    0x00002e00      0x5c9 ./sources/pin_mux.o
 .debug_info    0x000033c9      0x3b5 ./freertos/Source/portable/MemMang/heap_4.o
 .debug_info    0x0000377e       0xad ./freertos/Source/portable/GCC/ARM_CM4F/fsl_tickless_systick.o
 .debug_info    0x0000382b      0x4bf ./freertos/Source/portable/GCC/ARM_CM4F/port.o
 .debug_info    0x00003cea      0x95c ./freertos/Source/event_groups.o
 .debug_info    0x00004646      0x292 ./freertos/Source/list.o
 .debug_info    0x000048d8     0x13de ./freertos/Source/queue.o
 .debug_info    0x00005cb6     0x1e83 ./freertos/Source/tasks.o
 .debug_info    0x00007b39      0xd0e ./freertos/Source/timers.o
 .debug_info    0x00008847     0x1eee ./drivers/fsl_clock.o
 .debug_info    0x0000a735      0x6b4 ./drivers/fsl_common.o
 .debug_info    0x0000ade9     0x1850 ./drivers/fsl_lpuart.o
 .debug_info    0x0000c639     0x19f1 ./drivers/fsl_uart.o
 .debug_info    0x0000e02a      0xa25 ./drivers/fsl_uart_freertos.o
 .debug_info    0x0000ea4f       0x8f ./devices/gcc/startup_MK22F51212.o
 .debug_info    0x0000eade      0x5b8 ./devices/system_MK22F51212.o

.debug_abbrev   0x00000000     0x24d3
 .debug_abbrev  0x00000000      0x294 ./utilities/fsl_debug_console.o
 .debug_abbrev  0x00000294       0xa0 ./utilities/fsl_sbrk.o
 .debug_abbrev  0x00000334       0xfd ./sources/board.o
 .debug_abbrev  0x00000431      0x1e5 ./sources/clock_config.o
 .debug_abbrev  0x00000616      0x22d ./sources/freertos_uart.o
 .debug_abbrev  0x00000843      0x163 ./sources/pin_mux.o
 .debug_abbrev  0x000009a6      0x1b9 ./freertos/Source/portable/MemMang/heap_4.o
 .debug_abbrev  0x00000b5f       0x60 ./freertos/Source/portable/GCC/ARM_CM4F/fsl_tickless_systick.o
 .debug_abbrev  0x00000bbf      0x209 ./freertos/Source/portable/GCC/ARM_CM4F/port.o
 .debug_abbrev  0x00000dc8      0x1f4 ./freertos/Source/event_groups.o
 .debug_abbrev  0x00000fbc       0xbe ./freertos/Source/list.o
 .debug_abbrev  0x0000107a      0x224 ./freertos/Source/queue.o
 .debug_abbrev  0x0000129e      0x2c9 ./freertos/Source/tasks.o
 .debug_abbrev  0x00001567      0x1e1 ./freertos/Source/timers.o
 .debug_abbrev  0x00001748      0x2fe ./drivers/fsl_clock.o
 .debug_abbrev  0x00001a46      0x230 ./drivers/fsl_common.o
 .debug_abbrev  0x00001c76      0x28c ./drivers/fsl_lpuart.o
 .debug_abbrev  0x00001f02      0x2d6 ./drivers/fsl_uart.o
 .debug_abbrev  0x000021d8      0x1d0 ./drivers/fsl_uart_freertos.o
 .debug_abbrev  0x000023a8       0x14 ./devices/gcc/startup_MK22F51212.o
 .debug_abbrev  0x000023bc      0x117 ./devices/system_MK22F51212.o

.debug_aranges  0x00000000      0xc30
 .debug_aranges
                0x00000000       0xa0 ./utilities/fsl_debug_console.o
 .debug_aranges
                0x000000a0       0x20 ./utilities/fsl_sbrk.o
 .debug_aranges
                0x000000c0       0x20 ./sources/board.o
 .debug_aranges
                0x000000e0       0x58 ./sources/clock_config.o
 .debug_aranges
                0x00000138       0x38 ./sources/freertos_uart.o
 .debug_aranges
                0x00000170       0x30 ./sources/pin_mux.o
 .debug_aranges
                0x000001a0       0x50 ./freertos/Source/portable/MemMang/heap_4.o
 .debug_aranges
                0x000001f0       0x20 ./freertos/Source/portable/GCC/ARM_CM4F/fsl_tickless_systick.o
 .debug_aranges
                0x00000210       0x78 ./freertos/Source/portable/GCC/ARM_CM4F/port.o
 .debug_aranges
                0x00000288       0x80 ./freertos/Source/event_groups.o
 .debug_aranges
                0x00000308       0x40 ./freertos/Source/list.o
 .debug_aranges
                0x00000348      0x118 ./freertos/Source/queue.o
 .debug_aranges
                0x00000460      0x1e8 ./freertos/Source/tasks.o
 .debug_aranges
                0x00000648       0xc8 ./freertos/Source/timers.o
 .debug_aranges
                0x00000710      0x1f8 ./drivers/fsl_clock.o
 .debug_aranges
                0x00000908       0x38 ./drivers/fsl_common.o
 .debug_aranges
                0x00000940      0x118 ./drivers/fsl_lpuart.o
 .debug_aranges
                0x00000a58      0x140 ./drivers/fsl_uart.o
 .debug_aranges
                0x00000b98       0x50 ./drivers/fsl_uart_freertos.o
 .debug_aranges
                0x00000be8       0x20 ./devices/gcc/startup_MK22F51212.o
 .debug_aranges
                0x00000c08       0x28 ./devices/system_MK22F51212.o

.debug_ranges   0x00000000      0xad0
 .debug_ranges  0x00000000       0x90 ./utilities/fsl_debug_console.o
 .debug_ranges  0x00000090       0x10 ./utilities/fsl_sbrk.o
 .debug_ranges  0x000000a0       0x10 ./sources/board.o
 .debug_ranges  0x000000b0       0x48 ./sources/clock_config.o
 .debug_ranges  0x000000f8       0x28 ./sources/freertos_uart.o
 .debug_ranges  0x00000120       0x20 ./sources/pin_mux.o
 .debug_ranges  0x00000140       0x40 ./freertos/Source/portable/MemMang/heap_4.o
 .debug_ranges  0x00000180       0x10 ./freertos/Source/portable/GCC/ARM_CM4F/fsl_tickless_systick.o
 .debug_ranges  0x00000190       0x68 ./freertos/Source/portable/GCC/ARM_CM4F/port.o
 .debug_ranges  0x000001f8       0x70 ./freertos/Source/event_groups.o
 .debug_ranges  0x00000268       0x30 ./freertos/Source/list.o
 .debug_ranges  0x00000298      0x108 ./freertos/Source/queue.o
 .debug_ranges  0x000003a0      0x1d8 ./freertos/Source/tasks.o
 .debug_ranges  0x00000578       0xb8 ./freertos/Source/timers.o
 .debug_ranges  0x00000630      0x1e8 ./drivers/fsl_clock.o
 .debug_ranges  0x00000818       0x28 ./drivers/fsl_common.o
 .debug_ranges  0x00000840      0x108 ./drivers/fsl_lpuart.o
 .debug_ranges  0x00000948      0x130 ./drivers/fsl_uart.o
 .debug_ranges  0x00000a78       0x40 ./drivers/fsl_uart_freertos.o
 .debug_ranges  0x00000ab8       0x18 ./devices/system_MK22F51212.o

.debug_line     0x00000000     0x4ff0
 .debug_line    0x00000000      0x589 ./utilities/fsl_debug_console.o
 .debug_line    0x00000589       0x93 ./utilities/fsl_sbrk.o
 .debug_line    0x0000061c       0xeb ./sources/board.o
 .debug_line    0x00000707      0x1be ./sources/clock_config.o
 .debug_line    0x000008c5      0x1ff ./sources/freertos_uart.o
 .debug_line    0x00000ac4      0x12f ./sources/pin_mux.o
 .debug_line    0x00000bf3      0x23c ./freertos/Source/portable/MemMang/heap_4.o
 .debug_line    0x00000e2f       0xd7 ./freertos/Source/portable/GCC/ARM_CM4F/fsl_tickless_systick.o
 .debug_line    0x00000f06      0x2ba ./freertos/Source/portable/GCC/ARM_CM4F/port.o
 .debug_line    0x000011c0      0x3cd ./freertos/Source/event_groups.o
 .debug_line    0x0000158d      0x16f ./freertos/Source/list.o
 .debug_line    0x000016fc      0x902 ./freertos/Source/queue.o
 .debug_line    0x00001ffe      0xdb5 ./freertos/Source/tasks.o
 .debug_line    0x00002db3      0x4c1 ./freertos/Source/timers.o
 .debug_line    0x00003274      0x924 ./drivers/fsl_clock.o
 .debug_line    0x00003b98      0x1c2 ./drivers/fsl_common.o
 .debug_line    0x00003d5a      0x640 ./drivers/fsl_lpuart.o
 .debug_line    0x0000439a      0x74e ./drivers/fsl_uart.o
 .debug_line    0x00004ae8      0x29b ./drivers/fsl_uart_freertos.o
 .debug_line    0x00004d83      0x136 ./devices/gcc/startup_MK22F51212.o
 .debug_line    0x00004eb9      0x137 ./devices/system_MK22F51212.o

.debug_str      0x00000000     0x6110
 .debug_str     0x00000000      0xdb0 ./utilities/fsl_debug_console.o
                                0xed2 (size before relaxing)
 .debug_str     0x00000db0       0x50 ./utilities/fsl_sbrk.o
                                0x238 (size before relaxing)
 .debug_str     0x00000e00       0x39 ./sources/board.o
                                0x351 (size before relaxing)
 .debug_str     0x00000e39      0x786 ./sources/clock_config.o
                                0xe9d (size before relaxing)
 .debug_str     0x000015bf      0x9f4 ./sources/freertos_uart.o
                               0x1318 (size before relaxing)
 .debug_str     0x00001fb3      0x384 ./sources/pin_mux.o
                                0x668 (size before relaxing)
 .debug_str     0x00002337      0x20a ./freertos/Source/portable/MemMang/heap_4.o
                                0x401 (size before relaxing)
 .debug_str     0x00002541       0x64 ./freertos/Source/portable/GCC/ARM_CM4F/fsl_tickless_systick.o
                                0x25c (size before relaxing)
 .debug_str     0x000025a5      0x22a ./freertos/Source/portable/GCC/ARM_CM4F/port.o
                                0x451 (size before relaxing)
 .debug_str     0x000027cf      0x3ad ./freertos/Source/event_groups.o
                                0x646 (size before relaxing)
 .debug_str     0x00002b7c       0x9c ./freertos/Source/list.o
                                0x341 (size before relaxing)
 .debug_str     0x00002c18      0x524 ./freertos/Source/queue.o
                                0x8c1 (size before relaxing)
 .debug_str     0x0000313c      0xc0d ./freertos/Source/tasks.o
                               0x1069 (size before relaxing)
 .debug_str     0x00003d49      0x4e4 ./freertos/Source/timers.o
                                0x83d (size before relaxing)
 .debug_str     0x0000422d      0xc6e ./drivers/fsl_clock.o
                               0x1bd0 (size before relaxing)
 .debug_str     0x00004e9b      0x11d ./drivers/fsl_common.o
                                0x889 (size before relaxing)
 .debug_str     0x00004fb8      0x975 ./drivers/fsl_lpuart.o
                               0x1ab6 (size before relaxing)
 .debug_str     0x0000592d      0x69b ./drivers/fsl_uart.o
                               0x1bba (size before relaxing)
 .debug_str     0x00005fc8       0x96 ./drivers/fsl_uart_freertos.o
                                0xb3e (size before relaxing)
 .debug_str     0x0000605e       0xb2 ./devices/system_MK22F51212.o
                                0x3fa (size before relaxing)

.comment        0x00000000       0x70
 .comment       0x00000000       0x70 ./utilities/fsl_debug_console.o
                                 0x71 (size before relaxing)
 .comment       0x00000000       0x71 ./utilities/fsl_sbrk.o
 .comment       0x00000000       0x71 ./sources/board.o
 .comment       0x00000000       0x71 ./sources/clock_config.o
 .comment       0x00000000       0x71 ./sources/freertos_uart.o
 .comment       0x00000000       0x71 ./sources/pin_mux.o
 .comment       0x00000000       0x71 ./freertos/Source/portable/MemMang/heap_4.o
 .comment       0x00000000       0x71 ./freertos/Source/portable/GCC/ARM_CM4F/fsl_tickless_systick.o
 .comment       0x00000000       0x71 ./freertos/Source/portable/GCC/ARM_CM4F/port.o
 .comment       0x00000000       0x71 ./freertos/Source/event_groups.o
 .comment       0x00000000       0x71 ./freertos/Source/list.o
 .comment       0x00000000       0x71 ./freertos/Source/queue.o
 .comment       0x00000000       0x71 ./freertos/Source/tasks.o
 .comment       0x00000000       0x71 ./freertos/Source/timers.o
 .comment       0x00000000       0x71 ./drivers/fsl_clock.o
 .comment       0x00000000       0x71 ./drivers/fsl_common.o
 .comment       0x00000000       0x71 ./drivers/fsl_lpuart.o
 .comment       0x00000000       0x71 ./drivers/fsl_uart.o
 .comment       0x00000000       0x71 ./drivers/fsl_uart_freertos.o
 .comment       0x00000000       0x71 ./devices/system_MK22F51212.o

.debug_frame    0x00000000     0x29c8
 .debug_frame   0x00000000      0x224 ./utilities/fsl_debug_console.o
 .debug_frame   0x00000224       0x30 ./utilities/fsl_sbrk.o
 .debug_frame   0x00000254       0x30 ./sources/board.o
 .debug_frame   0x00000284       0xec ./sources/clock_config.o
 .debug_frame   0x00000370       0x88 ./sources/freertos_uart.o
 .debug_frame   0x000003f8       0x64 ./sources/pin_mux.o
 .debug_frame   0x0000045c       0xd0 ./freertos/Source/portable/MemMang/heap_4.o
 .debug_frame   0x0000052c       0x28 ./freertos/Source/portable/GCC/ARM_CM4F/fsl_tickless_systick.o
 .debug_frame   0x00000554      0x138 ./freertos/Source/portable/GCC/ARM_CM4F/port.o
 .debug_frame   0x0000068c      0x1a4 ./freertos/Source/event_groups.o
 .debug_frame   0x00000830       0x9c ./freertos/Source/list.o
 .debug_frame   0x000008cc      0x3ec ./freertos/Source/queue.o
 .debug_frame   0x00000cb8      0x6f8 ./freertos/Source/tasks.o
 .debug_frame   0x000013b0      0x2b8 ./freertos/Source/timers.o
 .debug_frame   0x00001668      0x6e4 ./drivers/fsl_clock.o
 .debug_frame   0x00001d4c       0x88 ./drivers/fsl_common.o
 .debug_frame   0x00001dd4      0x3ec ./drivers/fsl_lpuart.o
 .debug_frame   0x000021c0      0x474 ./drivers/fsl_uart.o
 .debug_frame   0x00002634       0xe8 ./drivers/fsl_uart_freertos.o
 .debug_frame   0x0000271c       0x44 ./devices/system_MK22F51212.o
 .debug_frame   0x00002760       0x20 c:/freescale/kds_v3/toolchain/bin/../lib/gcc/arm-none-eabi/4.8.4/../../../../arm-none-eabi/lib/armv7e-m/fpu\libg_s.a(lib_a-errno.o)
 .debug_frame   0x00002780       0x28 c:/freescale/kds_v3/toolchain/bin/../lib/gcc/arm-none-eabi/4.8.4/../../../../arm-none-eabi/lib/armv7e-m/fpu\libg_s.a(lib_a-exit.o)
 .debug_frame   0x000027a8       0x2c c:/freescale/kds_v3/toolchain/bin/../lib/gcc/arm-none-eabi/4.8.4/../../../../arm-none-eabi/lib/armv7e-m/fpu\libg_s.a(lib_a-init.o)
 .debug_frame   0x000027d4       0x28 c:/freescale/kds_v3/toolchain/bin/../lib/gcc/arm-none-eabi/4.8.4/../../../../arm-none-eabi/lib/armv7e-m/fpu\libg_s.a(lib_a-memcpy-stub.o)
 .debug_frame   0x000027fc       0x20 c:/freescale/kds_v3/toolchain/bin/../lib/gcc/arm-none-eabi/4.8.4/../../../../arm-none-eabi/lib/armv7e-m/fpu\libg_s.a(lib_a-memset.o)
 .debug_frame   0x0000281c       0x20 c:/freescale/kds_v3/toolchain/bin/../lib/gcc/arm-none-eabi/4.8.4/../../../../arm-none-eabi/lib/armv7e-m/fpu\libg_s.a(lib_a-strlen.o)
 .debug_frame   0x0000283c       0x2c c:/freescale/kds_v3/toolchain/bin/../lib/gcc/arm-none-eabi/4.8.4/../../../../arm-none-eabi/lib/armv7e-m/fpu\libg_s.a(lib_a-strncmp.o)
 .debug_frame   0x00002868       0x30 c:/freescale/kds_v3/toolchain/bin/../lib/gcc/arm-none-eabi/4.8.4/../../../../arm-none-eabi/lib/armv7e-m/fpu\libg_s.a(lib_a-strtok.o)
 .debug_frame   0x00002898       0x40 c:/freescale/kds_v3/toolchain/bin/../lib/gcc/arm-none-eabi/4.8.4/../../../../arm-none-eabi/lib/armv7e-m/fpu\libg_s.a(lib_a-strtok_r.o)
 .debug_frame   0x000028d8       0x30 c:/freescale/kds_v3/toolchain/bin/../lib/gcc/arm-none-eabi/4.8.4/../../../../arm-none-eabi/lib/armv7e-m/fpu\libg_s.a(lib_a-malloc.o)
 .debug_frame   0x00002908       0x2c c:/freescale/kds_v3/toolchain/bin/../lib/gcc/arm-none-eabi/4.8.4/../../../../arm-none-eabi/lib/armv7e-m/fpu\libg_s.a(lib_a-nano-mallocr.o)
 .debug_frame   0x00002934       0x2c c:/freescale/kds_v3/toolchain/bin/../lib/gcc/arm-none-eabi/4.8.4/../../../../arm-none-eabi/lib/armv7e-m/fpu\libg_s.a(lib_a-sbrkr.o)
 .debug_frame   0x00002960       0x48 c:/freescale/kds_v3/toolchain/bin/../lib/gcc/arm-none-eabi/4.8.4/../../../../arm-none-eabi/lib/armv7e-m/fpu\libg_s.a(lib_a-reent.o)
 .debug_frame   0x000029a8       0x20 c:/freescale/kds_v3/toolchain/bin/../lib/gcc/arm-none-eabi/4.8.4/../../../../arm-none-eabi/lib/armv7e-m/fpu\libnosys.a(_exit.o)
